TOOL:	xrun(64)	22.03-s003: Started on Jun 07, 2026 at 10:49:09 CST
xrun(64): 22.03-s003: (c) Copyright 1995-2022 Cadence Design Systems, Inc.
file: bdw_work/sims/top_V_BASIC.v
			$value$plusargs("BDW_VLOG_DUMPFILE+%s",dump_file);
			              |
xmvlog: *W,NOSYST (bdw_work/sims/top_V_BASIC.v,41|17): System function '$value$plusargs' invoked as a task. Return value will be ignored.
	module worklib.top:v
		errors: 0, warnings: 1
file: bdw_work/wrappers/HammingMatch_cosim.v
	module worklib.HammingMatch_cosim:v
		errors: 0, warnings: 0
file: bdw_work/modules/HammingMatch/BASIC/HammingMatch_rtl.v
	module worklib.HammingMatch:v
		errors: 0, warnings: 0
xmvlog: *W,SPDUSD: Include directory bdw_work/wrappers given but not used.
	Total errors/warnings found outside modules and primitives:
		errors: 0, warnings: 1
*** Registering Hub PLI1.0 Interface***
		Caching library 'worklib' ....... Done
	Elaborating the design hierarchy:
	Top level design units:
		top
	Building instance overlay tables: .................... Done
	Generating native compiled code:
		worklib.top:v <0x7547d449>
			streams: 125, words: 119134
		worklib.HammingMatch:v <0x23450501>
			streams: 226, words: 104122
	Building instance specific data structures.
	Loading native compiled code:     .................... Done
	Design hierarchy summary:
		                 Instances  Unique
		Modules:                 3       3
		Registers:             303     303
		Scalar wires:           69       -
		Vectored wires:         21       -
		Always blocks:         176     176
		Initial blocks:          9       9
		Cont. assignments:      34      80
		Pseudo assignments:      8       8
		Simulation timescale:  1ps
	Writing initial simulation snapshot: worklib.top:v
Loading snapshot worklib.top:v .................... Done
*** Registering Hub PLI1.0 Interface***
xcelium> source /usr/cadtool/cadence/XCELIUM/XCELIUM_22.03.003/tools/xcelium/files/xmsimrc
xcelium> 
xcelium> run

        SystemC 2.3.3-Cadence --- Jun 28 2023 13:41:34
        Copyright (c) 1996-2018 by all Contributors,
        ALL RIGHTS RESERVED
[TB] Loaded 256 descriptors from ../data/train.txt
[TB] Loaded 256 descriptors from ../data/query.txt
NOTE: Cadence Design Systems Hub Simulation Platform : version 23.02-s004

Info: /OSCI/SystemC: Simulation stopped by user.

Warning: (W545) sc_stop has already been called
In file: ../../../src/sysc/kernel/sc_simcontext.cpp:1011
Simulation stopped via $stop(1) at time 173719100100 PS + 0
./bdw_work/sims/top_V_BASIC.v:73 		#100 $stop;
xcelium> quit
Simulated time == 173719100 ns
Run time       == 173719040 ns
[TB] Results written to results.csv
TOOL:	xrun(64)	22.03-s003: Exiting on Jun 07, 2026 at 10:55:56 CST  (total: 00:06:47)
