TOOL:	xrun(64)	22.03-s003: Started on Jun 07, 2026 at 11:40:45 CST
xrun(64): 22.03-s003: (c) Copyright 1995-2022 Cadence Design Systems, Inc.
file: bdw_work/sims/top_V_DPO.v
			$value$plusargs("BDW_VLOG_DUMPFILE+%s",dump_file);
			              |
xmvlog: *W,NOSYST (bdw_work/sims/top_V_DPO.v,41|17): System function '$value$plusargs' invoked as a task. Return value will be ignored.
	module worklib.top:v
		errors: 0, warnings: 1
file: bdw_work/wrappers/HammingMatch_cosim.v
	module worklib.HammingMatch_cosim:v
		errors: 0, warnings: 0
file: bdw_work/modules/HammingMatch/DPO/HammingMatch_rtl.v
	module worklib.HammingMatch:v
		errors: 0, warnings: 0
file: bdw_work/modules/HammingMatch/DPO/v_rtl/RAM_8X8_1RW_256X32.v
	module worklib.RAM_8X8_1RW_256X32:v
		errors: 0, warnings: 0
xmvlog: *W,SPDUSD: Include directory bdw_work/wrappers given but not used.
	Total errors/warnings found outside modules and primitives:
		errors: 0, warnings: 1
*** Registering Hub PLI1.0 Interface***
		Caching library 'worklib' ....... Done
	Elaborating the design hierarchy:
	Top level design units:
		top
	Building instance overlay tables: .................... Done
	Generating native compiled code:
		worklib.RAM_8X8_1RW_256X32:v <0x2a50031f>
			streams:   2, words:   622
		worklib.top:v <0x7359dad9>
			streams: 125, words: 119134
		worklib.HammingMatch:v <0x5dde7135>
			streams: 1445, words: 883805
	Building instance specific data structures.
	Loading native compiled code:     .................... Done
	Design hierarchy summary:
		                 Instances  Unique
		Modules:                11       4
		Registers:             816     802
		Scalar wires:          300       -
		Vectored wires:        531       -
		Always blocks:         681     674
		Initial blocks:          9       9
		Cont. assignments:     740     797
		Pseudo assignments:     24      24
		Simulation timescale:  1ps
	Writing initial simulation snapshot: worklib.top:v
Loading snapshot worklib.top:v .................... Done
*** Registering Hub PLI1.0 Interface***
xcelium> source /usr/cadtool/cadence/XCELIUM/XCELIUM_22.03.003/tools/xcelium/files/xmsimrc
xcelium> 
xcelium> run

        SystemC 2.3.3-Cadence --- Jun 28 2023 13:41:34
        Copyright (c) 1996-2018 by all Contributors,
        ALL RIGHTS RESERVED
[TB] Loaded 256 descriptors from ../data/train.txt
[TB] Loaded 256 descriptors from ../data/query.txt
NOTE: Cadence Design Systems Hub Simulation Platform : version 23.02-s004

Info: /OSCI/SystemC: Simulation stopped by user.

Warning: (W545) sc_stop has already been called
In file: ../../../src/sysc/kernel/sc_simcontext.cpp:1011
Simulation stopped via $stop(1) at time 732220100 PS + 0
./bdw_work/sims/top_V_DPO.v:73 		#100 $stop;
xcelium> quit
Simulated time == 732220 ns
Run time       == 732160 ns
[TB] Results written to results.csv
TOOL:	xrun(64)	22.03-s003: Exiting on Jun 07, 2026 at 11:40:52 CST  (total: 00:00:07)
